### fm-pi-primary-types
skip: tsc not found for Pi extension typecheck
exit=0
### fm-pi-branch-extension
ok - fm_branch_outcomes hides through ToolExecutionComponent while Calm-off and HTML export stay stock
ok - the installed Pi still bounds the picker's list and ranks its search
ok - branch owns accepted wakes with a stable prefix contract and verdict-driven merge delivery
ok - a captain outcome reaches main's model as typed, self-describing input while routine notes stay plain
ok - requested and unsolicited healthy outcomes keep distinct delivery and event ownership
ok - a broken operational encoder still delivers one invisible instructed captain outcome as a follow-up
ok - scopeForUnreadWake excludes every main-only class without vetoing eligible task-local rows, and writes the eligible snapshot
ok - branch prompt_cache_key is stable per home across sessions and distinct between homes
ok - branch default-on eligibility (task-scoped, heartbeat, afk) binds and a broken branch falls back to main
ok - a heartbeat review survives a check row arriving before its drain
ok - pre-drain eligibility re-check excludes a newly main-owned row without deferring eligible work
ok - a settled branch turn releases an unacknowledged grant for main replay
ok - a stale main claim cannot silently suppress later wake delivery
ok - pre-drain eligibility re-check no-ops an already-drained wake
ok - dialog mirror filters tool and operational traffic, lands before wakes, and keeps a durable cursor
ok - branch session persists across process restarts through the recorded pointer
ok - the current pin state binds every branch create and reopen, and clearing it returns the branch to main's model
ok - unpinned branches follow main model changes live while pinned branches stay fixed
ok - supervision-model command persists the captain's pick and rebinds the live branch
ok - supervision-model opens a bounded searchable list, follow main first, and pins the branch alone
ok - branch model picker keeps follow main first and filters the eligible catalog
ok - the effort pin binds every branch create and reopen, and clearing it returns the branch to main's effort
ok - unpinned branches follow main effort changes live while pinned branches stay fixed
ok - supervision-model runs an effort picker after the model picker and persists both independently
ok - an unusable model pin falls back to main and an unparseable one is treated as no pin
ok - replacement activation cleans old branch leases and retries failed cleanup
ok - branch activates on a cold start once the lock is acquired, never before
ok - queued wakes and mirrors stop mutating branch state after lock ownership is lost
ok - stale reports, shells, mirrors, cursors, leases, and prompts perform no side effects
ok - a Pi session that does not own the lock accepts nothing and mutates no branch state
ok - an extension rebind re-mirrors undelivered dialog instead of dropping it
exit=0
### fm-calm-pi-extension
ok - Pi calm resolves its persistent home independently of Pi's launch directory
ok - Pi calm compatibility evidence never rejects a Pi version for being newer than 0.82.0, and still fails closed on a missing or malformed version
ok - a missing collapsed-thinking presentation API degrades only that Calm adapter with a clear skip reason, while the rest of Calm still registers
ok - missing Pi presentation class exports reach the independent adapter degradation path
ok - Calm registers none of its 7 built-in tool wrappers at load while config/calm is off, and all 7 synchronously at load while config/calm is on
ok - Calm's first same-session /calm activation claims every uncontested built-in, leaves a foreign bash tool fully intact and callable, warns prominently and logs the contested name, and only rows constructed before that activation - the documented bound - fail to retroactively collapse
ok - Pi calm centralizes transcript visibility, preserves execution/export data, keeps Pi's stock working row visible while no run is active, and persists its choice across session starts
ok - Pi calm on collapses mid-turn assistant working notes to zero height while Calm off keeps them, leaves streaming, truncated-final, and genuine final replies untouched, never mutates the messages, ignores every /calm argument, and restores a legacy persisted max as ordinary Calm on
skip: pi or tmux not found for Pi operational follow-up E2E
skip: pi or tmux not found for Pi Calm hidden-block geometry E2E
ok - Pi Calm working ship moves on a slow independent cadence over faster fixed-cell blue water, paints the complete boat standard yellow with balanced resets, keeps ANSI-stripped width exact, flips the directional sail on the exact bounce at both edges and every width, clamps visible and hidden resizes, falls back deterministically when narrow, freezes and resumes column/direction across settle/start without hidden-time jumps or duplicate timers, resets only on a fresh session, and installs and removes one scheduler-owning widget across starts, settle, abort, failure, shutdown, reload, replacement, and Calm toggles while leaving Calm-off visibility untouched
skip: pi or tmux not found for Pi calm interactive E2E
exit=0
