FM_TEST_BEGIN 2026-09-09T20:39:59Z tests/fm-bench-gate.test.sh family=benchmark-gate expected_gate_skip=optional-binary
ok - a plan carrying the whole correction set passes plan-check
ok - every refused plan names the correction it violates
ok - a malformed entrant seat refuses by name instead of aborting the gate
ok - a malformed entrant field refuses by name instead of aborting the gate
ok - a malformed entrant seat withdraws the standing clearance instead of stranding it
ok - a missing specification author produces one accurate seat refusal
ok - direct evaluator verification cannot bypass a missing capture declaration
ok - direct evaluator verification requires the complete capture field
ok - provenance clears only on positive identification, and failing both is a captain call
ok - historical provenance refuses a silently omitted participant role
ok - historical provenance rejects an absent role with no reason
ok - family-level exposure blocks a historical replay
ok - the manifest derives 60 scored outputs, 6 specs, and 30 Track B captures from the plan
ok - the allowance gate needs measured runs, a reserve, real concurrency, and the whole field
ok - the concurrency proof may not consume a benchmark packet
ok - a measured high cost above the approved class stops for the captain
ok - every referenced run and auxiliary cost class must be complete
ok - cost bounds and the approved class must be finite
ok - a manifest built from a different plan is refused
ok - a non-numeric sample count refuses by name instead of crashing
ok - the frozen, calibrated evaluator passes with 30 bound capture records
ok - preflight calibrates before any candidate results exist
ok - a non-numeric unit price refuses by name inside every gate that prices the plan
ok - an evaluator whose two dry-runs disagree is refused
ok - a mutation that bleeds into unrelated dimensions is refused
ok - a zero mutation threshold cannot create a calibration pass
ok - a scored dimension with no mutation record is refused
ok - capture records outside the planned candidate heads are refused
ok - scoring a candidate for the evaluator producing its own evidence is refused
ok - neutralisation that changes the judged tree is refused
ok - the freeze binds packets, ground truth, scoring, prompts, tuples, seed, and failure policy
ok - every planned packet and ground-truth input must exist before freezing
ok - an unreadable private input refuses by name instead of crashing the freeze
ok - a freeze attempted after labels are assigned is refused
ok - the launch guard scopes to benchmark ids and otherwise stays out of the way
ok - benchmark launches bind the preflight-proven confinement while ordinary launches stay unchanged
ok - entrant input reaches terminals and lifecycle signals reach only the current task
ok - entrant egress refuses a network that exposes more than the provider proxy
ok - two entrants can launch concurrently without sharing a network or proxy boundary
ok - remote benchmark secondmate launches fail closed instead of bypassing confinement
ok - a threshold relaxed after a passing preflight cannot ride the old receipt
ok - evidence degrading outside the plan revokes the clearance rather than leaving it standing
ok - the launch receipt binds every artifact the preflight validated
ok - substituted launch evidence is refused by type, not only by bytes
ok - unreadable launch evidence is a named refusal on the spawn path
ok - the launch guard honours only its documented test-harness hatch
ok - fm-spawn refuses a benchmark entrant that no passing preflight covers
ok - all seven sibling-access probes detect a real leak when nothing confines the entrant
ok - each concurrent entrant requires its own provider network and proxy
ok - preflight evaluator evidence is generated by the frozen executable
ok - the frozen evaluator never sees the path of the record it must derive
ok - the preflight evaluator cage hides the frozen answer key it must reproduce
ok - the cage carries the frozen evaluator code package but never its answer key
ok - the evaluator package refuses symlinks that would carry the answer key inside
ok - the dependence probe escalates across every perturbable golden scalar
ok - preflight proves the frozen evaluator reads the input it is handed
ok - preflight evaluator execution resolves its runtime through the operator's endpoint
ok - a failing evaluator confinement is diagnosed by its own exit code and stderr
ok - probe-only confinement cannot substitute for the entrant launch wrapper
ok - the process probe keeps its marker out of the launch chain and separates leaks from denials
ok - declared private storage that no probe could read is refused, not trusted
ok - private paths outside the proven entrant root are refused during isolation verification
not ok - the gate names private material present in the candidate index (missing: 'isolation.bench-b1-k7.private_tree_exclusion fail')
--- output ---
BENCH_CHECK isolation.exec_wrapper ok trusted confinement wrapper and supported arguments verified
BENCH_CHECK isolation.launch_wrapper ok launch-capable runtime container uses credential-free provider-proxy egress
BENCH_CHECK isolation.provider_boundaries ok 2 entrants have distinct internal provider networks and proxy boundaries
BENCH_CHECK isolation.bench-b1-k7.provision ok private clone, object store, temp, home, and session space recorded
BENCH_CHECK isolation.bench-b1-k7.start fail entrant HEAD must match its declared starting_commit
BENCH_CHECK isolation.bench-b1-r2.provision ok private clone, object store, temp, home, and session space recorded
BENCH_CHECK isolation.bench-b1-r2.private_containment ok every declared private path resolves within this entrant's root so the proven wrapper owns its layout
BENCH_CHECK isolation.bench-b1-r2.private_tree_exclusion ok in-root private storage is ignored and absent from the candidate index
BENCH_CHECK isolation.bench-b1-r2.private_storage ok every declared private store holds material a sibling probe can be tested against
BENCH_CHECK isolation.bench-b1-r2.alternates ok no alternate object store is configured
BENCH_CHECK isolation.bench-b1-r2.sibling_file_read fail reachable against /private/var/folders/70/p814fs691f103nxddhx58mhh0000gn/T/fm-bench-gate.E3tbeK/iso/e1: PROBE LEAKED read /private/var/folders/70/p814fs691f103nxddhx58mhh0000gn/T/fm-bench-gate.E3tbeK/iso/e1/home/canary.txt
BENCH_CHECK isolation.bench-b1-r2.sibling_worktree_enumeration fail reachable against /private/var/folders/70/p814fs691f103nxddhx58mhh0000gn/T/fm-bench-gate.E3tbeK/iso/e1: PROBE LEAKED enumerated /private/var/folders/70/p814fs691f103nxddhx58mhh0000gn/T/fm-bench-gate.E3tbeK/iso/e1/.git/worktrees
BENCH_CHECK isolation.bench-b1-r2.sibling_object_enumeration fail reachable against /private/var/folders/70/p814fs691f103nxddhx58mhh0000gn/T/fm-bench-gate.E3tbeK/iso/e1: PROBE LEAKED enumerated shared objects from /private/var/folders/70/p814fs691f103nxddhx58mhh0000gn/T/fm-bench-gate.E3tbeK/iso/e1
BENCH_CHECK isolation.bench-b1-r2.sibling_unreachable_objects fail reachable against /private/var/folders/70/p814fs691f103nxddhx58mhh0000gn/T/fm-bench-gate.E3tbeK/iso/e1: PROBE LEAKED traversed the object directory at /private/var/folders/70/p814fs691f103nxddhx58mhh0000gn/T/fm-bench-gate.E3tbeK/iso/e1/.git/objects/95/d7ab022cdef52d480cf9f6f8ef428b9248df07
BENCH_CHECK isolation.bench-b1-r2.sibling_file_read fail reachable against /private/var/folders/70/p814fs691f103nxddhx58mhh0000gn/T/fm-bench-gate.E3tbeK/iso/e1/objects: PROBE LEAKED read /private/var/folders/70/p814fs691f103nxddhx58mhh0000gn/T/fm-bench-gate.E3tbeK/iso/e1/objects/canary.txt
BENCH_CHECK isolation.bench-b1-r2.sibling_file_read fail reachable against /private/var/folders/70/p814fs691f103nxddhx58mhh0000gn/T/fm-bench-gate.E3tbeK/iso/e1/tmp: PROBE LEAKED read /private/var/folders/70/p814fs691f103nxddhx58mhh0000gn/T/fm-bench-gate.E3tbeK/iso/e1/tmp/canary.txt
BENCH_CHECK isolation.bench-b1-r2.sibling_file_read fail reachable against /private/var/folders/70/p814fs691f103nxddhx58mhh0000gn/T/fm-bench-gate.E3tbeK/iso/e1/home: PROBE LEAKED read /private/var/folders/70/p814fs691f103nxddhx58mhh0000gn/T/fm-bench-gate.E3tbeK/iso/e1/home/canary.txt
BENCH_CHECK isolation.bench-b1-r2.sibling_file_read fail reachable against /private/var/folders/70/p814fs691f103nxddhx58mhh0000gn/T/fm-bench-gate.E3tbeK/iso/e1/session: PROBE LEAKED read /private/var/folders/70/p814fs691f103nxddhx58mhh0000gn/T/fm-bench-gate.E3tbeK/iso/e1/session/canary.txt
BENCH_CHECK isolation.bench-b1-r2.protected_path_read fail reachable against /private/var/folders/70/p814fs691f103nxddhx58mhh0000gn/T/fm-bench-gate.E3tbeK/iso/sealed: PROBE LEAKED read sealed material at /private/var/folders/70/p814fs691f103nxddhx58mhh0000gn/T/fm-bench-gate.E3tbeK/iso/sealed/key.json
BENCH_CHECK isolation.bench-b1-r2.process_inspection fail reachable against fm-bench-marker-ed830951fba54cb68e2a0d0633b256d4: PROBE LEAKED saw another benchmark process in the process table
BENCH_CHECK isolation.bench-b1-r2.environment_leakage fail reachable against FM_BENCH_: PROBE LEAKED benchmark variables reached the entrant environment
BENCH_CHECK isolation.bench-b1-r2.coverage ok all 7 probe classes exercised
BENCH_CHECK isolation.sibling_coverage ok 2 entrants probed against each other
BENCH_RESULT isolation-verify refused checks=23 failed=12
FM_TEST_END 2026-09-09T20:41:40Z tests/fm-bench-gate.test.sh exit=1 duration_ms=100360 gate_skip=false
FM_TEST_SUMMARY total=1 failed=1 skipped_gate=0 duration_ms=100422
FM_TEST_SUMMARY_FAMILY family=benchmark-gate count=1 duration_ms=100360 failed=1
FM_TEST_SLOWEST rank=1 script=tests/fm-bench-gate.test.sh duration_ms=100360
